<?xml version="1.0" encoding="utf-8"?><testsuites><testsuite name="pytest" errors="0" failures="0" skipped="0" tests="22" time="2.432" timestamp="2025-11-22T02:57:34.803400+03:00" hostname="DESKTOP-8FQ32IS"><testcase classname="tests.test_errors" name="test_not_found_item" time="0.095" /><testcase classname="tests.test_errors" name="test_validation_error" time="0.005" /><testcase classname="tests.test_errors" name="test_value_error_is_problem" time="0.001" /><testcase classname="tests.test_health" name="test_health_ok" time="0.007" /><testcase classname="tests.test_http_client_retries" name="test_get_json_retries_timeout" time="0.012" /><testcase classname="tests.test_http_client_retries" name="test_get_json_retries_http_error" time="0.011" /><testcase classname="tests.test_http_client_retries" name="test_get_json_fails_after_retries" time="0.032" /><testcase classname="tests.test_items" name="test_crud_happy_path" time="0.056" /><testcase classname="tests.test_items" name="test_owner_only_access" time="0.022" /><testcase classname="tests.test_items" name="test_validation_bad_labels" time="0.005" /><testcase classname="tests.test_items_limits" name="test_limit_too_big" time="0.005" /><testcase classname="tests.test_items_limits" name="test_negative_offset" time="0.005" /><testcase classname="tests.test_items_p02" name="test_list_filter_by_label" time="0.032" /><testcase classname="tests.test_items_p02" name="test_admin_list_sees_all" time="0.028" /><testcase classname="tests.test_items_strict" name="test_extra_field_rejected" time="0.004" /><testcase classname="tests.test_items_strict" name="test_invalid_sort_literal" time="0.005" /><testcase classname="tests.test_rfc7807" name="test_problem_shape" time="0.001" /><testcase classname="tests.test_secure_upload" name="test_sniff_image_type_ok_png" time="0.001" /><testcase classname="tests.test_secure_upload" name="test_secure_save_too_big" time="0.007" /><testcase classname="tests.test_secure_upload" name="test_secure_save_bad_type" time="0.002" /><testcase classname="tests.test_secure_upload" name="test_secure_save_ok_jpeg" time="0.005" /><testcase classname="tests.test_secure_upload_symlink" name="test_secure_save_symlink_parent" time="0.003" /></testsuite></testsuites>